2026-10-02 21:23:32 run_id=20261002_212332 device=mps (Apple Silicon GPU (MPS)) seed=4350
2026-10-02 21:23:32 layers=4 d_model=256 heads=4 d_ff=1024 block=128 dropout=0.1 lr=0.0003 batch=64 epochs=10 warmup=1000
2026-10-02 21:23:32 vocab_size=91 repair_mojibake=True
2026-10-02 21:23:33 train_sequences=100000 validation_sequences=10000 window=129 total_windows=141088
2026-10-02 21:23:33 parameter_count=3238912
2026-10-02 21:23:33 causal_mask_verified future_mass=0.0 earlier_logit_delta=0.0
2026-10-02 21:23:34 TRAINING START total_steps=15620 parameters=3238912
2026-10-02 21:23:34 step 0/15620 loss=4.6468 grad_norm=7.9975 lr=3.000e-07
2026-10-02 21:24:01 step 200/15620 loss=2.5573 grad_norm=0.6385 lr=6.030e-05
2026-10-02 21:24:30 step 400/15620 loss=2.2456 grad_norm=0.6578 lr=1.203e-04
2026-10-02 21:24:59 step 600/15620 loss=1.9709 grad_norm=1.5053 lr=1.803e-04
2026-10-02 21:25:31 step 800/15620 loss=1.6553 grad_norm=1.0797 lr=2.403e-04
2026-10-02 21:26:08 step 1000/15620 loss=1.4630 grad_norm=1.0991 lr=3.000e-04
2026-10-02 21:26:43 step 1200/15620 loss=1.3418 grad_norm=0.9529 lr=2.999e-04
2026-10-02 21:27:17 step 1400/15620 loss=1.2350 grad_norm=0.9830 lr=2.995e-04
2026-10-02 21:27:52 EPOCH 1/10 train_loss=1.9173 val_loss=1.1318 val_acc=0.6476 ppl=3.101 bpc=1.6329 gap=-0.7854 grad_mean=1.1476 seconds=250.7 tokens_per_sec=51049 peak_gb=1.104
2026-10-02 21:27:52 CHECKPOINT best_model.pt at epoch 1 val_loss=1.1318
2026-10-02 21:27:59 step 1600/15620 loss=1.2093 grad_norm=0.9513 lr=2.989e-04
2026-10-02 21:28:32 step 1800/15620 loss=1.1689 grad_norm=0.8578 lr=2.980e-04
2026-10-02 21:29:05 step 2000/15620 loss=1.0928 grad_norm=0.8544 lr=2.969e-04
2026-10-02 21:29:39 step 2200/15620 loss=1.0916 grad_norm=0.8440 lr=2.955e-04
2026-10-02 21:30:15 step 2400/15620 loss=1.0189 grad_norm=0.7730 lr=2.939e-04
2026-10-02 21:30:49 step 2600/15620 loss=1.0452 grad_norm=0.7417 lr=2.921e-04
2026-10-02 21:31:23 step 2800/15620 loss=0.9850 grad_norm=0.7672 lr=2.900e-04
2026-10-02 21:31:56 step 3000/15620 loss=0.9985 grad_norm=0.7289 lr=2.877e-04
2026-10-02 21:32:25 EPOCH 2/10 train_loss=1.0787 val_loss=0.9276 val_acc=0.7084 ppl=2.529 bpc=1.3383 gap=-0.1511 grad_mean=0.8157 seconds=264.5 tokens_per_sec=48385 peak_gb=1.104
2026-10-02 21:32:25 CHECKPOINT best_model.pt at epoch 2 val_loss=0.9276
2026-10-02 21:32:38 step 3200/15620 loss=0.9399 grad_norm=0.7278 lr=2.852e-04
2026-10-02 21:33:12 step 3400/15620 loss=0.9724 grad_norm=0.6769 lr=2.824e-04
2026-10-02 21:33:45 step 3600/15620 loss=0.9474 grad_norm=0.6818 lr=2.795e-04
2026-10-02 21:34:18 step 3800/15620 loss=0.9820 grad_norm=0.6736 lr=2.763e-04
2026-10-02 21:34:50 step 4000/15620 loss=0.9354 grad_norm=0.6464 lr=2.729e-04
2026-10-02 21:35:22 step 4200/15620 loss=0.8833 grad_norm=0.6547 lr=2.693e-04
2026-10-02 21:35:55 step 4400/15620 loss=0.9296 grad_norm=0.6618 lr=2.655e-04
2026-10-02 21:36:27 step 4600/15620 loss=0.8976 grad_norm=0.6221 lr=2.616e-04
2026-10-02 21:36:49 EPOCH 3/10 train_loss=0.9493 val_loss=0.8616 val_acc=0.7279 ppl=2.367 bpc=1.2430 gap=-0.0877 grad_mean=0.6734 seconds=256.0 tokens_per_sec=49981 peak_gb=1.104
2026-10-02 21:36:49 CHECKPOINT best_model.pt at epoch 3 val_loss=0.8616
2026-10-02 21:37:07 step 4800/15620 loss=0.9544 grad_norm=0.6686 lr=2.574e-04
2026-10-02 21:37:40 step 5000/15620 loss=0.8880 grad_norm=0.6257 lr=2.531e-04
2026-10-02 21:38:12 step 5200/15620 loss=0.9437 grad_norm=0.6166 lr=2.487e-04
2026-10-02 21:38:45 step 5400/15620 loss=0.8892 grad_norm=0.6124 lr=2.440e-04
2026-10-02 21:39:17 step 5600/15620 loss=0.8932 grad_norm=0.6053 lr=2.392e-04
2026-10-02 21:39:49 step 5800/15620 loss=0.8889 grad_norm=0.5879 lr=2.343e-04
2026-10-02 21:40:21 step 6000/15620 loss=0.8781 grad_norm=0.5908 lr=2.293e-04
2026-10-02 21:40:54 step 6200/15620 loss=0.8216 grad_norm=0.5629 lr=2.241e-04
2026-10-02 21:41:09 EPOCH 4/10 train_loss=0.8925 val_loss=0.8273 val_acc=0.7383 ppl=2.287 bpc=1.1936 gap=-0.0652 grad_mean=0.6109 seconds=252.7 tokens_per_sec=50637 peak_gb=1.104
2026-10-02 21:41:09 CHECKPOINT best_model.pt at epoch 4 val_loss=0.8273
2026-10-02 21:41:34 step 6400/15620 loss=0.8933 grad_norm=0.5718 lr=2.189e-04
2026-10-02 21:42:06 step 6600/15620 loss=0.8477 grad_norm=0.5746 lr=2.135e-04
2026-10-02 21:42:39 step 6800/15620 loss=0.8730 grad_norm=0.5877 lr=2.080e-04
2026-10-02 21:43:12 step 7000/15620 loss=0.8760 grad_norm=0.5672 lr=2.025e-04
2026-10-02 21:43:45 step 7200/15620 loss=0.8698 grad_norm=0.6024 lr=1.969e-04
2026-10-02 21:44:18 step 7400/15620 loss=0.8611 grad_norm=0.5688 lr=1.912e-04
2026-10-02 21:44:51 step 7600/15620 loss=0.8446 grad_norm=0.5689 lr=1.855e-04
2026-10-02 21:45:24 step 7800/15620 loss=0.8578 grad_norm=0.5684 lr=1.798e-04
2026-10-02 21:45:34 EPOCH 5/10 train_loss=0.8567 val_loss=0.8006 val_acc=0.7458 ppl=2.227 bpc=1.1550 gap=-0.0561 grad_mean=0.5806 seconds=255.8 tokens_per_sec=50014 peak_gb=1.104
2026-10-02 21:45:34 CHECKPOINT best_model.pt at epoch 5 val_loss=0.8006
2026-10-02 21:46:11 step 8000/15620 loss=0.8714 grad_norm=0.5856 lr=1.740e-04
2026-10-02 21:46:50 step 8200/15620 loss=0.8114 grad_norm=0.5645 lr=1.682e-04
2026-10-02 21:47:26 step 8400/15620 loss=0.8234 grad_norm=0.5806 lr=1.624e-04
2026-10-02 21:47:59 step 8600/15620 loss=0.8519 grad_norm=0.5658 lr=1.566e-04
2026-10-02 21:48:32 step 8800/15620 loss=0.8229 grad_norm=0.5484 lr=1.508e-04
2026-10-02 21:49:05 step 9000/15620 loss=0.8195 grad_norm=0.5631 lr=1.451e-04
2026-10-02 21:49:39 step 9200/15620 loss=0.8013 grad_norm=0.5598 lr=1.393e-04
2026-10-02 21:50:17 EPOCH 6/10 train_loss=0.8317 val_loss=0.7839 val_acc=0.7510 ppl=2.190 bpc=1.1309 gap=-0.0478 grad_mean=0.5688 seconds=275.1 tokens_per_sec=46509 peak_gb=1.104
2026-10-02 21:50:17 CHECKPOINT best_model.pt at epoch 6 val_loss=0.7839
2026-10-02 21:50:22 step 9400/15620 loss=0.8161 grad_norm=0.5659 lr=1.337e-04
2026-10-02 21:50:57 step 9600/15620 loss=0.8383 grad_norm=0.5828 lr=1.281e-04
2026-10-02 21:51:31 step 9800/15620 loss=0.8420 grad_norm=0.5756 lr=1.225e-04
2026-10-02 21:52:05 step 10000/15620 loss=0.7985 grad_norm=0.5643 lr=1.170e-04
2026-10-02 21:52:38 step 10200/15620 loss=0.8344 grad_norm=0.5720 lr=1.117e-04
2026-10-02 21:53:11 step 10400/15620 loss=0.8258 grad_norm=0.5623 lr=1.064e-04
2026-10-02 21:53:45 step 10600/15620 loss=0.8189 grad_norm=0.5802 lr=1.012e-04
2026-10-02 21:54:18 step 10800/15620 loss=0.8036 grad_norm=0.5819 lr=9.616e-05
2026-10-02 21:54:48 EPOCH 7/10 train_loss=0.8123 val_loss=0.7696 val_acc=0.7556 ppl=2.159 bpc=1.1104 gap=-0.0426 grad_mean=0.5663 seconds=263.2 tokens_per_sec=48624 peak_gb=1.104
2026-10-02 21:54:48 CHECKPOINT best_model.pt at epoch 7 val_loss=0.7696
2026-10-02 21:54:59 step 11000/15620 loss=0.8184 grad_norm=0.5757 lr=9.124e-05
2026-10-02 21:55:33 step 11200/15620 loss=0.8209 grad_norm=0.5835 lr=8.645e-05
2026-10-02 21:56:06 step 11400/15620 loss=0.8067 grad_norm=0.5823 lr=8.180e-05
2026-10-02 21:56:39 step 11600/15620 loss=0.8173 grad_norm=0.5673 lr=7.731e-05
2026-10-02 21:57:15 step 11800/15620 loss=0.7656 grad_norm=0.5468 lr=7.298e-05
2026-10-02 21:58:01 step 12000/15620 loss=0.8214 grad_norm=0.5910 lr=6.883e-05
2026-10-02 21:58:47 step 12200/15620 loss=0.8327 grad_norm=0.5881 lr=6.484e-05
2026-10-02 21:59:35 step 12400/15620 loss=0.7861 grad_norm=0.5699 lr=6.105e-05
2026-10-02 22:00:11 EPOCH 8/10 train_loss=0.7983 val_loss=0.7590 val_acc=0.7588 ppl=2.136 bpc=1.0950 gap=-0.0393 grad_mean=0.5701 seconds=310.8 tokens_per_sec=41177 peak_gb=1.104
2026-10-02 22:00:11 CHECKPOINT best_model.pt at epoch 8 val_loss=0.7590
2026-10-02 22:00:35 step 12600/15620 loss=0.7952 grad_norm=0.6003 lr=5.744e-05
2026-10-02 22:01:21 step 12800/15620 loss=0.7843 grad_norm=0.5731 lr=5.404e-05
2026-10-02 22:02:07 step 13000/15620 loss=0.8039 grad_norm=0.5795 lr=5.084e-05
2026-10-02 22:02:56 step 13200/15620 loss=0.7488 grad_norm=0.5493 lr=4.785e-05
2026-10-02 22:03:42 step 13400/15620 loss=0.7731 grad_norm=0.5683 lr=4.507e-05
2026-10-02 22:04:28 step 13600/15620 loss=0.7503 grad_norm=0.5573 lr=4.252e-05
2026-10-02 22:05:18 step 13800/15620 loss=0.7859 grad_norm=0.5770 lr=4.019e-05
2026-10-02 22:06:04 step 14000/15620 loss=0.7882 grad_norm=0.5864 lr=3.810e-05
2026-10-02 22:06:28 EPOCH 9/10 train_loss=0.7880 val_loss=0.7532 val_acc=0.7604 ppl=2.124 bpc=1.0866 gap=-0.0348 grad_mean=0.5752 seconds=366.2 tokens_per_sec=34946 peak_gb=1.104
2026-10-02 22:06:28 CHECKPOINT best_model.pt at epoch 9 val_loss=0.7532
2026-10-02 22:07:01 step 14200/15620 loss=0.7712 grad_norm=0.5679 lr=3.624e-05
2026-10-02 22:07:47 step 14400/15620 loss=0.8034 grad_norm=0.5799 lr=3.461e-05
2026-10-03 11:55:44 step 14600/15620 loss=0.7820 grad_norm=0.5635 lr=3.323e-05
2026-10-03 11:56:29 step 14800/15620 loss=0.8110 grad_norm=0.6259 lr=3.209e-05
2026-10-03 11:57:13 step 15000/15620 loss=0.8052 grad_norm=0.6175 lr=3.120e-05
2026-10-03 11:57:58 step 15200/15620 loss=0.7437 grad_norm=0.5410 lr=3.055e-05
2026-10-03 11:58:43 step 15400/15620 loss=0.8051 grad_norm=0.5892 lr=3.015e-05
2026-10-03 11:59:27 step 15600/15620 loss=0.7382 grad_norm=0.5615 lr=3.000e-05
2026-10-03 11:59:35 EPOCH 10/10 train_loss=0.7816 val_loss=0.7502 val_acc=0.7615 ppl=2.117 bpc=1.0823 gap=-0.0314 grad_mean=0.5806 seconds=378.3 tokens_per_sec=33823 peak_gb=1.104
2026-10-03 11:59:35 CHECKPOINT best_model.pt at epoch 10 val_loss=0.7502
2026-10-03 11:59:35 TRAINING COMPLETE seconds=2958.9 best_val_loss=0.7502 spikes=0 nan_steps=0
2026-10-03 11:59:52 generation_chars_per_sec=229.09 samples=12
2026-10-03 11:59:58 METRICS train_cross_entropy_loss=0.7816134972089994 val_cross_entropy_loss=0.7501954235089053 best_val_cross_entropy_loss=0.7501954235089053 perplexity=2.1174137686113905 bits_per_character=1.0823032171938933 generalization_gap=-0.031418073700094085 top1_next_char_accuracy=0.76146171875 distinct_1=0.043333333333333335 distinct_2=0.2447163515016685 distinct_3=0.48106904231625836 repeated_4gram_rate=0.3712374581939799 repeated_4gram_rate_greedy=0.49498327759197325 grad_norm_mean=0.6689207129895917 grad_norm_max=8.019023895263672 grad_norm_median=0.5877705812454224 loss_spike_count=0 nan_count=0 parameter_count=3238912 vocab_size=91 train_tokens_per_sec=45514.48927453506 gen_tokens_per_sec=229.08514641294826 peak_memory_gb=1.1042938232421875 total_training_time_sec=2958.9464644161053 epochs=10 seed=4350
