2026-10-05 03:09:18 run_id=20261005_030918 device=mps (Apple Silicon GPU (MPS)) seed=5330
2026-10-05 03:09:18 config validation_fraction=0.1 vocab_size=25000 min_frequency=3 max_length=320 batch_size=256 epochs=8 learning_rate=0.0002 weight_decay=0.0005 gradient_clip=1.0 seed=5330
2026-10-05 03:09:20 cleaning_train={'missing_text': 0, 'missing_label': 0, 'blank_text': 0, 'bad_label': 0, 'duplicate_text': 0, 'rows_before': 560000, 'rows_after': 560000}
2026-10-05 03:09:20 cleaning_test={'missing_text': 0, 'missing_label': 0, 'blank_text': 0, 'bad_label': 0, 'duplicate_text': 0, 'rows_before': 38000, 'rows_after': 38000}
2026-10-05 03:09:20 class_distribution_train neg=280000 pos=280000 ratio=1.0000
2026-10-05 03:09:20 class_distribution_test neg=19000 pos=19000 ratio=1.0000
2026-10-05 03:09:26 length_mean=133.0 length_median=97 max_length=320 untruncated_fraction=0.9265
2026-10-05 03:09:51 tokenised train=560000 test=38000 seconds=24.6
2026-10-05 03:09:51 split train=504000 validation=56000 test=38000
2026-10-05 03:09:53 vocab_size=25000 coverage=0.9829 distinct=198238
2026-10-05 03:10:06 model=baseline_max_pool parameters=2412545
2026-10-05 03:10:06 model=experiment_lstm parameters=4297217
2026-10-05 03:10:06 model=experiment_attention_pool parameters=3224962
2026-10-05 03:10:07 TRAIN START model=baseline_max_pool parameters=2412545
2026-10-05 03:11:00 model=baseline_max_pool epoch 1/8 train_loss=0.6304 val_loss=0.4990 val_acc=0.7846 grad=0.4755 seconds=53.1
2026-10-05 03:11:50 model=baseline_max_pool epoch 2/8 train_loss=0.5131 val_loss=0.3839 val_acc=0.8414 grad=0.5129 seconds=49.2
2026-10-05 03:12:45 model=baseline_max_pool epoch 3/8 train_loss=0.4274 val_loss=0.3407 val_acc=0.8615 grad=0.5504 seconds=55.0
2026-10-05 03:13:33 model=baseline_max_pool epoch 4/8 train_loss=0.3688 val_loss=0.3150 val_acc=0.8741 grad=0.6127 seconds=48.9
2026-10-05 03:14:25 model=baseline_max_pool epoch 5/8 train_loss=0.3315 val_loss=0.2971 val_acc=0.8806 grad=0.6684 seconds=51.6
2026-10-05 03:15:19 model=baseline_max_pool epoch 6/8 train_loss=0.3060 val_loss=0.2819 val_acc=0.8893 grad=0.7053 seconds=54.4
2026-10-05 03:16:05 model=baseline_max_pool epoch 7/8 train_loss=0.2865 val_loss=0.2584 val_acc=0.8968 grad=0.7429 seconds=45.2
2026-10-05 03:16:56 model=baseline_max_pool epoch 8/8 train_loss=0.2728 val_loss=0.2656 val_acc=0.8970 grad=0.7584 seconds=51.0
2026-10-05 03:16:56 TRAIN DONE model=baseline_max_pool seconds=408.3 best_epoch=7 examples_per_sec=9876 peak_gb=1.048
2026-10-05 03:16:56 TRAIN START model=experiment_lstm parameters=4297217
2026-10-05 03:36:25 model=experiment_lstm epoch 1/8 train_loss=0.2583 val_loss=0.1891 val_acc=0.9287 grad=1.2934 seconds=1169.5
2026-10-05 03:55:03 model=experiment_lstm epoch 2/8 train_loss=0.1678 val_loss=0.1703 val_acc=0.9384 grad=1.3110 seconds=1117.7
2026-10-05 04:14:53 model=experiment_lstm epoch 3/8 train_loss=0.1451 val_loss=0.1554 val_acc=0.9433 grad=1.2367 seconds=1189.7
2026-10-05 04:35:29 model=experiment_lstm epoch 4/8 train_loss=0.1296 val_loss=0.1487 val_acc=0.9436 grad=1.1599 seconds=1236.1
2026-10-05 04:56:25 model=experiment_lstm epoch 5/8 train_loss=0.1170 val_loss=0.1419 val_acc=0.9471 grad=1.1027 seconds=1256.6
2026-10-05 05:17:03 model=experiment_lstm epoch 6/8 train_loss=0.1068 val_loss=0.1402 val_acc=0.9481 grad=1.0676 seconds=1238.0
2026-10-05 05:37:38 model=experiment_lstm epoch 7/8 train_loss=0.0979 val_loss=0.1405 val_acc=0.9475 grad=1.0573 seconds=1234.8
2026-10-05 05:58:21 model=experiment_lstm epoch 8/8 train_loss=0.0896 val_loss=0.1443 val_acc=0.9471 grad=1.0615 seconds=1242.9
2026-10-05 05:58:21 TRAIN DONE model=experiment_lstm seconds=9685.5 best_epoch=6 examples_per_sec=416 peak_gb=1.258
2026-10-05 05:58:21 TRAIN START model=experiment_attention_pool parameters=3224962
2026-10-05 05:59:15 model=experiment_attention_pool epoch 1/8 train_loss=0.3632 val_loss=0.2594 val_acc=0.8944 grad=0.2941 seconds=54.0
2026-10-05 06:00:08 model=experiment_attention_pool epoch 2/8 train_loss=0.2485 val_loss=0.2232 val_acc=0.9113 grad=0.3219 seconds=52.9
2026-10-05 06:01:04 model=experiment_attention_pool epoch 3/8 train_loss=0.2203 val_loss=0.2034 val_acc=0.9202 grad=0.3111 seconds=56.3
2026-10-05 06:02:00 model=experiment_attention_pool epoch 4/8 train_loss=0.2042 val_loss=0.1941 val_acc=0.9240 grad=0.3038 seconds=55.4
2026-10-05 06:02:54 model=experiment_attention_pool epoch 5/8 train_loss=0.1948 val_loss=0.1885 val_acc=0.9267 grad=0.2986 seconds=54.7
2026-10-05 06:03:50 model=experiment_attention_pool epoch 6/8 train_loss=0.1880 val_loss=0.1849 val_acc=0.9284 grad=0.2936 seconds=55.2
2026-10-05 06:04:45 model=experiment_attention_pool epoch 7/8 train_loss=0.1823 val_loss=0.1817 val_acc=0.9296 grad=0.2887 seconds=54.9
2026-10-05 06:05:38 model=experiment_attention_pool epoch 8/8 train_loss=0.1773 val_loss=0.1769 val_acc=0.9315 grad=0.2811 seconds=53.6
2026-10-05 06:05:38 TRAIN DONE model=experiment_attention_pool seconds=437.0 best_epoch=8 examples_per_sec=9227 peak_gb=1.267
2026-10-05 06:05:56 TEST model=baseline_max_pool acc=0.8991 f1_macro=0.8991 roc_auc=0.9643 mcc=0.7981 brier=0.0756 ece=0.0392
2026-10-05 06:06:02 TEST model=experiment_lstm acc=0.9502 f1_macro=0.9502 roc_auc=0.9896 mcc=0.9005 brier=0.0375 ece=0.0104
2026-10-05 06:06:08 TEST model=experiment_attention_pool acc=0.9341 f1_macro=0.9341 roc_auc=0.9819 mcc=0.8683 brier=0.0490 ece=0.0024
2026-10-05 06:06:09 error_review best_model=experiment_lstm total_errors=1891 exported=20
